// Vitest Snapshot v1, https://vitest.dev/guide/snapshot.html

exports[`Header > should match the rendered header snapshot 1`] = `"<header class="site-header"><nav aria-label="Primary navigation" class="navigation"><a routerlink="/" fragment="home" class="navigation__brand" href="/#home">Robert King</a><ul class="navigation__links"><li><a routerlink="/" fragment="home" href="/#home">Home</a></li><li><a routerlink="/about" href="/about">About</a></li><li><a routerlink="/" fragment="projects" href="/#projects">Projects</a></li><li><a href="mailto:kinghonore1@gmail.com">Contact</a></li></ul></nav></header>"`;
