// Vitest Snapshot v1, https://vitest.dev/guide/snapshot.html

exports[`ExperiencePage > should match the rendered Experience page snapshot 1`] = `"<section aria-labelledby="experience-title" class="experience-hero"><div class="experience-hero__content"><p class="experience-hero__eyebrow">Experience</p><h1 id="experience-title">Engineering dependable systems that move organisations forward.</h1><p class="experience-hero__summary"> For more than 17 years, I have delivered enterprise software across federal, healthcare, insurance, utility, retail, and manufacturing environments - from cloud-native platforms to mobile experiences used in the field. </p><dl aria-label="Career highlights" class="experience-hero__highlights"><div><dt>17+</dt><dd>years in software engineering</dd></div><div><dt>3</dt><dd>core platforms: web, cloud, and mobile</dd></div><div><dt>6</dt><dd>industries served</dd></div></dl></div></section>"`;
